// Jest Snapshot v1, https://goo.gl/fbAQLP

exports[`should render Not found page 1`] = `
<div>
  This is from 404!
  <Link
    to="/"
  >
    Go Home
  </Link>
</div>
`;
